src/controllers/adminController.ts(22,5): error TS6196: 'Template' is declared but never used.
src/controllers/adminController.ts(23,5): error TS6196: 'Contact' is declared but never used.
src/controllers/adminController.ts(24,5): error TS6196: 'Campaign' is declared but never used.
src/controllers/adminController.ts(148,38): error TS4111: Property 'limit' comes from an index signature, so it must be accessed with ['limit'].
src/controllers/adminController.ts(149,39): error TS4111: Property 'offset' comes from an index signature, so it must be accessed with ['offset'].
src/controllers/adminController.ts(191,52): error TS2345: Argument of type 'string | undefined' is not assignable to parameter of type 'string'.
  Type 'undefined' is not assignable to type 'string'.
src/controllers/adminController.ts(246,54): error TS2345: Argument of type 'string | undefined' is not assignable to parameter of type 'string'.
  Type 'undefined' is not assignable to type 'string'.
src/controllers/adminController.ts(286,38): error TS4111: Property 'limit' comes from an index signature, so it must be accessed with ['limit'].
src/controllers/adminController.ts(287,39): error TS4111: Property 'offset' comes from an index signature, so it must be accessed with ['offset'].
src/controllers/adminController.ts(412,38): error TS4111: Property 'limit' comes from an index signature, so it must be accessed with ['limit'].
src/controllers/adminController.ts(413,39): error TS4111: Property 'offset' comes from an index signature, so it must be accessed with ['offset'].
src/controllers/adminController.ts(460,55): error TS2345: Argument of type 'string | undefined' is not assignable to parameter of type 'string'.
  Type 'undefined' is not assignable to type 'string'.
src/controllers/adminController.ts(497,56): error TS2345: Argument of type 'string | undefined' is not assignable to parameter of type 'string'.
  Type 'undefined' is not assignable to type 'string'.
src/controllers/adminController.ts(537,38): error TS4111: Property 'limit' comes from an index signature, so it must be accessed with ['limit'].
src/controllers/adminController.ts(538,39): error TS4111: Property 'offset' comes from an index signature, so it must be accessed with ['offset'].
src/controllers/adminController.ts(539,30): error TS4111: Property 'userId' comes from an index signature, so it must be accessed with ['userId'].
src/controllers/adminController.ts(540,32): error TS4111: Property 'isActive' comes from an index signature, so it must be accessed with ['isActive'].
src/controllers/adminController.ts(540,71): error TS4111: Property 'isActive' comes from an index signature, so it must be accessed with ['isActive'].
src/controllers/adminController.ts(608,38): error TS4111: Property 'limit' comes from an index signature, so it must be accessed with ['limit'].
src/controllers/adminController.ts(609,39): error TS4111: Property 'offset' comes from an index signature, so it must be accessed with ['offset'].
src/controllers/adminController.ts(658,38): error TS4111: Property 'limit' comes from an index signature, so it must be accessed with ['limit'].
src/controllers/adminController.ts(659,39): error TS4111: Property 'offset' comes from an index signature, so it must be accessed with ['offset'].
src/controllers/adminController.ts(660,30): error TS4111: Property 'status' comes from an index signature, so it must be accessed with ['status'].
src/controllers/adminController.ts(700,64): error TS2345: Argument of type 'string | undefined' is not assignable to parameter of type 'string'.
  Type 'undefined' is not assignable to type 'string'.
src/controllers/adminController.ts(711,70): error TS2345: Argument of type 'string | undefined' is not assignable to parameter of type 'string'.
  Type 'undefined' is not assignable to type 'string'.
src/controllers/adminController.ts(712,70): error TS2345: Argument of type 'string | undefined' is not assignable to parameter of type 'string'.
  Type 'undefined' is not assignable to type 'string'.
src/controllers/adminController.ts(793,69): error TS2345: Argument of type 'string | undefined' is not assignable to parameter of type 'string'.
  Type 'undefined' is not assignable to type 'string'.
src/controllers/adminController.ts(825,64): error TS2345: Argument of type 'string | undefined' is not assignable to parameter of type 'string'.
  Type 'undefined' is not assignable to type 'string'.
src/controllers/adminController.ts(827,58): error TS2345: Argument of type 'string | undefined' is not assignable to parameter of type 'string'.
  Type 'undefined' is not assignable to type 'string'.
src/controllers/adminController.ts(830,62): error TS2345: Argument of type 'string | undefined' is not assignable to parameter of type 'string'.
  Type 'undefined' is not assignable to type 'string'.
src/controllers/adminController.ts(870,38): error TS4111: Property 'limit' comes from an index signature, so it must be accessed with ['limit'].
src/controllers/adminController.ts(871,39): error TS4111: Property 'offset' comes from an index signature, so it must be accessed with ['offset'].
src/controllers/adminController.ts(872,30): error TS4111: Property 'userId' comes from an index signature, so it must be accessed with ['userId'].
src/controllers/adminController.ts(957,60): error TS2345: Argument of type 'string | undefined' is not assignable to parameter of type 'string'.
  Type 'undefined' is not assignable to type 'string'.
src/controllers/adminController.ts(997,38): error TS4111: Property 'limit' comes from an index signature, so it must be accessed with ['limit'].
src/controllers/adminController.ts(998,39): error TS4111: Property 'offset' comes from an index signature, so it must be accessed with ['offset'].
src/controllers/adminController.ts(999,30): error TS4111: Property 'status' comes from an index signature, so it must be accessed with ['status'].
src/controllers/adminController.ts(1000,30): error TS4111: Property 'userId' comes from an index signature, so it must be accessed with ['userId'].
src/controllers/adminController.ts(1041,64): error TS2345: Argument of type 'string | undefined' is not assignable to parameter of type 'string'.
  Type 'undefined' is not assignable to type 'string'.
src/controllers/adminController.ts(1053,53): error TS2345: Argument of type 'string | undefined' is not assignable to parameter of type 'string'.
  Type 'undefined' is not assignable to type 'string'.
src/controllers/adminController.ts(1054,47): error TS2345: Argument of type 'string | undefined' is not assignable to parameter of type 'string'.
  Type 'undefined' is not assignable to type 'string'.
src/controllers/adminController.ts(1137,62): error TS2345: Argument of type 'string | undefined' is not assignable to parameter of type 'string'.
  Type 'undefined' is not assignable to type 'string'.
src/controllers/adminController.ts(1168,62): error TS2345: Argument of type 'string | undefined' is not assignable to parameter of type 'string'.
  Type 'undefined' is not assignable to type 'string'.
src/controllers/adminController.ts(1199,63): error TS2345: Argument of type 'string | undefined' is not assignable to parameter of type 'string'.
  Type 'undefined' is not assignable to type 'string'.
src/controllers/adminController.ts(1230,63): error TS2345: Argument of type 'string | undefined' is not assignable to parameter of type 'string'.
  Type 'undefined' is not assignable to type 'string'.
src/controllers/adminController.ts(1261,62): error TS2345: Argument of type 'string | undefined' is not assignable to parameter of type 'string'.
  Type 'undefined' is not assignable to type 'string'.
src/middleware/adminAuth.ts(62,28): error TS2345: Argument of type 'string | undefined' is not assignable to parameter of type 'string'.
  Type 'undefined' is not assignable to type 'string'.
src/services/campaignService.ts(11,1): error TS6133: 'rateLimitService' is declared but its value is never read.
src/services/campaignService.ts(57,5): error TS2322: Type 'Campaign | undefined' is not assignable to type 'Campaign'.
  Type 'undefined' is not assignable to type 'Campaign'.
src/services/campaignService.ts(294,54): error TS2379: Argument of type '{ status: "RUNNING"; paused_at: undefined; }' is not assignable to parameter of type 'UpdateCampaignData' with 'exactOptionalPropertyTypes: true'. Consider adding 'undefined' to the types of the target's properties.
  Types of property 'paused_at' are incompatible.
    Type 'undefined' is not assignable to type 'Date'.
src/services/campaignService.ts(386,5): error TS2322: Type 'CampaignTrigger | undefined' is not assignable to type 'CampaignTrigger'.
  Type 'undefined' is not assignable to type 'CampaignTrigger'.
src/services/campaignService.ts(502,5): error TS2322: Type 'CampaignRecipient | undefined' is not assignable to type 'CampaignRecipient'.
  Type 'undefined' is not assignable to type 'CampaignRecipient'.
src/services/campaignService.ts(548,5): error TS2322: Type '{ recipient_id: string; campaign_id: string; contact_id: string; template_send_id: string | undefined; status: CampaignRecipientStatus; skip_reason: SkipReason | undefined; ... 7 more ...; contact: { ...; }; }[]' is not assignable to type '(CampaignRecipient & { contact: Contact; })[]'.
  Type '{ recipient_id: string; campaign_id: string; contact_id: string; template_send_id: string | undefined; status: CampaignRecipientStatus; skip_reason: SkipReason | undefined; ... 7 more ...; contact: { ...; }; }' is not assignable to type 'CampaignRecipient & { contact: Contact; }' with 'exactOptionalPropertyTypes: true'. Consider adding 'undefined' to the types of the target's properties.
    Type '{ recipient_id: string; campaign_id: string; contact_id: string; template_send_id: string | undefined; status: CampaignRecipientStatus; skip_reason: SkipReason | undefined; ... 7 more ...; contact: { ...; }; }' is not assignable to type 'CampaignRecipient' with 'exactOptionalPropertyTypes: true'. Consider adding 'undefined' to the types of the target's properties.
      Types of property 'template_send_id' are incompatible.
        Type 'string | undefined' is not assignable to type 'string'.
          Type 'undefined' is not assignable to type 'string'.
src/services/campaignService.ts(673,25): error TS18048: 'row' is possibly 'undefined'.
src/services/campaignService.ts(674,27): error TS18048: 'row' is possibly 'undefined'.
src/services/campaignService.ts(675,26): error TS18048: 'row' is possibly 'undefined'.
src/services/campaignService.ts(676,24): error TS18048: 'row' is possibly 'undefined'.
src/services/campaignService.ts(677,29): error TS18048: 'row' is possibly 'undefined'.
src/services/campaignService.ts(678,24): error TS18048: 'row' is possibly 'undefined'.
src/services/campaignService.ts(679,26): error TS18048: 'row' is possibly 'undefined'.
src/services/campaignService.ts(680,27): error TS18048: 'row' is possibly 'undefined'.
src/services/contactService.ts(9,18): error TS6133: 'isValidE164' is declared but its value is never read.
src/services/contactService.ts(9,31): error TS6133: 'batchToE164' is declared but its value is never read.
src/services/contactService.ts(16,5): error TS6196: 'ContactSource' is declared but never used.
src/services/contactService.ts(58,20): error TS2532: Object is possibly 'undefined'.
src/services/contactService.ts(63,5): error TS2322: Type 'Contact | undefined' is not assignable to type 'Contact'.
  Type 'undefined' is not assignable to type 'Contact'.
src/services/contactService.ts(91,66): error TS2379: Argument of type '{ name: string | undefined; email: string | undefined; company: string | undefined; }' is not assignable to parameter of type 'UpdateContactData' with 'exactOptionalPropertyTypes: true'. Consider adding 'undefined' to the types of the target's properties.
  Types of property 'name' are incompatible.
    Type 'string | undefined' is not assignable to type 'string'.
      Type 'undefined' is not assignable to type 'string'.
src/services/contactService.ts(106,41): error TS2379: Argument of type '{ contact_id: string; user_id: string; phone: string; name: string | undefined; email: string | undefined; company: string | undefined; source: "EXTRACTION"; extraction_id: string; conversation_id: string; }' is not assignable to parameter of type 'CreateContactData' with 'exactOptionalPropertyTypes: true'. Consider adding 'undefined' to the types of the target's properties.
  Types of property 'name' are incompatible.
    Type 'string | undefined' is not assignable to type 'string'.
      Type 'undefined' is not assignable to type 'string'.
src/services/contactService.ts(335,25): error TS18048: 'updatedContact' is possibly 'undefined'.
src/services/contactService.ts(337,32): error TS18048: 'updatedContact' is possibly 'undefined'.
src/services/contactService.ts(342,5): error TS2322: Type 'Contact | undefined' is not assignable to type 'Contact | null'.
  Type 'undefined' is not assignable to type 'Contact | null'.
src/services/contactService.ts(399,43): error TS18048: 'row' is possibly 'undefined'.
src/services/contactService.ts(401,58): error TS18048: 'row' is possibly 'undefined'.
src/services/contactService.ts(408,17): error TS18048: 'row' is possibly 'undefined'.
src/services/contactService.ts(409,33): error TS18048: 'row' is possibly 'undefined'.
src/services/contactService.ts(413,33): error TS2379: Argument of type '{ contact_id: string; user_id: string; phone: string; name: string | undefined; email: string | undefined; company: string | undefined; tags: string[]; source: "IMPORT"; }' is not assignable to parameter of type 'CreateContactData' with 'exactOptionalPropertyTypes: true'. Consider adding 'undefined' to the types of the target's properties.
  Types of property 'name' are incompatible.
    Type 'string | undefined' is not assignable to type 'string'.
      Type 'undefined' is not assignable to type 'string'.
src/services/contactService.ts(417,23): error TS18048: 'row' is possibly 'undefined'.
src/services/contactService.ts(418,24): error TS18048: 'row' is possibly 'undefined'.
src/services/contactService.ts(419,26): error TS18048: 'row' is possibly 'undefined'.
src/services/contactService.ts(427,54): error TS18048: 'row' is possibly 'undefined'.
src/services/messageService.ts(1531,17): error TS2322: Type '{ type: "text"; text: string | undefined; }[]' is not assignable to type '{ type: "text" | "currency" | "date_time" | "image" | "document" | "video"; text?: string; }[]'.
  Type '{ type: "text"; text: string | undefined; }' is not assignable to type '{ type: "text" | "currency" | "date_time" | "image" | "document" | "video"; text?: string; }' with 'exactOptionalPropertyTypes: true'. Consider adding 'undefined' to the types of the target's properties.
    Types of property 'text' are incompatible.
      Type 'string | undefined' is not assignable to type 'string'.
        Type 'undefined' is not assignable to type 'string'.
src/services/rateLimitService.ts(144,5): error TS2375: Type '{ phoneNumberId: string; displayName: string | undefined; tier: MessageTier; dailyLimit: number; dailySent: number; percentUsed: number; resetsAt: Date; }' is not assignable to type 'RateLimitStats' with 'exactOptionalPropertyTypes: true'. Consider adding 'undefined' to the types of the target's properties.
  Types of property 'displayName' are incompatible.
    Type 'string | undefined' is not assignable to type 'string'.
      Type 'undefined' is not assignable to type 'string'.
src/services/rateLimitService.ts(178,5): error TS2322: Type '{ phoneNumberId: string; displayName: string | undefined; tier: MessageTier; dailyLimit: number; dailySent: number; percentUsed: number; resetsAt: Date; }[]' is not assignable to type 'RateLimitStats[]'.
  Type '{ phoneNumberId: string; displayName: string | undefined; tier: MessageTier; dailyLimit: number; dailySent: number; percentUsed: number; resetsAt: Date; }' is not assignable to type 'RateLimitStats' with 'exactOptionalPropertyTypes: true'. Consider adding 'undefined' to the types of the target's properties.
    Types of property 'displayName' are incompatible.
      Type 'string | undefined' is not assignable to type 'string'.
        Type 'undefined' is not assignable to type 'string'.
src/services/templateService.ts(20,5): error TS6196: 'TemplateCategory' is declared but never used.
src/services/templateService.ts(22,5): error TS6196: 'ExtractionFieldMapping' is declared but never used.
src/services/templateService.ts(95,28): error TS4111: Property 'url' comes from an index signature, so it must be accessed with ['url'].
src/services/templateService.ts(98,28): error TS4111: Property 'phone_number' comes from an index signature, so it must be accessed with ['phone_number'].
src/services/templateService.ts(193,5): error TS2322: Type 'Template | undefined' is not assignable to type 'Template'.
  Type 'undefined' is not assignable to type 'Template'.
src/services/templateService.ts(544,5): error TS2322: Type 'TemplateVariable | undefined' is not assignable to type 'TemplateVariable'.
  Type 'undefined' is not assignable to type 'TemplateVariable'.
src/services/templateService.ts(585,13): error TS2322: Type 'string | undefined' is not assignable to type 'string'.
  Type 'undefined' is not assignable to type 'string'.
src/services/templateService.ts(622,5): error TS2322: Type 'TemplateSend | undefined' is not assignable to type 'TemplateSend'.
  Type 'undefined' is not assignable to type 'TemplateSend'.
src/services/templateService.ts(713,32): error TS18048: 'row' is possibly 'undefined'.
src/services/templateService.ts(714,32): error TS18048: 'row' is possibly 'undefined'.
src/services/templateService.ts(715,27): error TS18048: 'row' is possibly 'undefined'.
src/services/templateService.ts(716,29): error TS18048: 'row' is possibly 'undefined'.
src/workers/campaignWorker.ts(12,10): error TS2724: '"../utils/eventEmitter"' has no exported member named 'eventEmitter'. Did you mean 'appEventEmitter'?
src/workers/campaignWorker.ts(12,24): error TS2305: Module '"../utils/eventEmitter"' has no exported member 'SystemEventMap'.
src/workers/campaignWorker.ts(12,24): error TS6133: 'SystemEventMap' is declared but its value is never read.
src/workers/campaignWorker.ts(16,5): error TS6196: 'CampaignTrigger' is declared but never used.
src/workers/campaignWorker.ts(25,34): error TS2339: Property 'campaigns' does not exist on type '{ name: string; version: string; env: string; port: number; logLevel: string; logFormat: string; correlationIdHeader: string; }'.
src/workers/campaignWorker.ts(26,30): error TS2339: Property 'campaigns' does not exist on type '{ name: string; version: string; env: string; port: number; logLevel: string; logFormat: string; correlationIdHeader: string; }'.
src/workers/campaignWorker.ts(53,17): error TS2559: Type '"Rate limit reached"' has no properties in common with type '{ template_send_id?: string; skip_reason?: string; error_message?: string; }'.
src/workers/campaignWorker.ts(68,17): error TS2559: Type '"Template not available"' has no properties in common with type '{ template_send_id?: string; skip_reason?: string; error_message?: string; }'.
src/workers/campaignWorker.ts(90,30): error TS2554: Expected 6 arguments, but got 4.
src/workers/campaignWorker.ts(106,17): error TS2322: Type 'null' is not assignable to type 'string'.
src/workers/campaignWorker.ts(123,17): error TS2559: Type 'string' has no properties in common with type '{ template_send_id?: string; skip_reason?: string; error_message?: string; }'.
src/workers/campaignWorker.ts(130,17): error TS2322: Type 'null' is not assignable to type 'string'.
src/workers/campaignWorker.ts(148,13): error TS2559: Type 'string' has no properties in common with type '{ template_send_id?: string; skip_reason?: string; error_message?: string; }'.
src/workers/campaignWorker.ts(159,13): error TS2339: Property 'recipients' does not exist on type '(CampaignRecipient & { contact: Contact; })[]'.
src/workers/campaignWorker.ts(196,17): error TS2559: Type '"Contact not found"' has no properties in common with type '{ template_send_id?: string; skip_reason?: string; error_message?: string; }'.
src/workers/campaignWorker.ts(206,17): error TS2559: Type '"Contact opted out"' has no properties in common with type '{ template_send_id?: string; skip_reason?: string; error_message?: string; }'.
src/workers/campaignWorker.ts(267,57): error TS2339: Property 'userId' does not exist on type 'ExtractionCompleteEvent'.
src/workers/campaignWorker.ts(270,74): error TS2339: Property 'userId' does not exist on type 'ExtractionCompleteEvent'.
src/workers/campaignWorker.ts(270,88): error TS2339: Property 'customerPhone' does not exist on type 'ExtractionCompleteEvent'.
src/workers/campaignWorker.ts(273,57): error TS2554: Expected 5 arguments, but got 3.
src/workers/campaignWorker.ts(274,27): error TS2339: Property 'userId' does not exist on type 'ExtractionCompleteEvent'.
src/workers/campaignWorker.ts(275,27): error TS2339: Property 'extractionId' does not exist on type 'ExtractionCompleteEvent'.
src/workers/campaignWorker.ts(276,27): error TS2339: Property 'customerPhone' does not exist on type 'ExtractionCompleteEvent'.
src/workers/campaignWorker.ts(282,21): error TS2339: Property 'contacts' does not exist on type 'Contact[]'.
src/workers/campaignWorker.ts(283,23): error TS2339: Property 'userId' does not exist on type 'ExtractionCompleteEvent'.
src/workers/campaignWorker.ts(287,51): error TS7006: Parameter 'c' implicitly has an 'any' type.
src/workers/campaignWorker.ts(287,74): error TS2339: Property 'customerPhone' does not exist on type 'ExtractionCompleteEvent'.
src/workers/campaignWorker.ts(298,41): error TS2339: Property 'extractionId' does not exist on type 'ExtractionCompleteEvent'.
src/workers/campaignWorker.ts(304,37): error TS2339: Property 'extractionId' does not exist on type 'ExtractionCompleteEvent'.
src/workers/campaignWorker.ts(322,42): error TS2339: Property 'newStatus' does not exist on type 'LeadStatusChangedEvent'.
src/workers/campaignWorker.ts(330,57): error TS2339: Property 'userId' does not exist on type 'LeadStatusChangedEvent'.
src/workers/campaignWorker.ts(333,74): error TS2339: Property 'userId' does not exist on type 'LeadStatusChangedEvent'.
src/workers/campaignWorker.ts(333,88): error TS2339: Property 'customerPhone' does not exist on type 'LeadStatusChangedEvent'.
src/workers/campaignWorker.ts(337,21): error TS2339: Property 'contacts' does not exist on type 'Contact[]'.
src/workers/campaignWorker.ts(338,23): error TS2339: Property 'userId' does not exist on type 'LeadStatusChangedEvent'.
src/workers/campaignWorker.ts(342,51): error TS7006: Parameter 'c' implicitly has an 'any' type.
src/workers/campaignWorker.ts(345,65): error TS2339: Property 'getRecipientByContactId' does not exist on type '{ createCampaign: (data: CreateCampaignData) => Promise<Campaign>; getCampaignById: (campaignId: string) => Promise<Campaign | null>; ... 22 more ...; checkCampaignComplete: (campaignId: string) => Promise<...>; }'.
src/workers/campaignWorker.ts(360,42): error TS2339: Property 'newStatus' does not exist on type 'LeadStatusChangedEvent'.
src/workers/campaignWorker.ts(382,57): error TS2339: Property 'userId' does not exist on type 'ContactTagAddedEvent'.
src/workers/campaignWorker.ts(386,74): error TS2339: Property 'tag' does not exist on type 'ContactTagAddedEvent'.
src/workers/campaignWorker.ts(391,71): error TS2339: Property 'contactId' does not exist on type 'ContactTagAddedEvent'.
src/workers/campaignWorker.ts(395,21): error TS2339: Property 'contacts' does not exist on type 'Contact[]'.
src/workers/campaignWorker.ts(396,23): error TS2339: Property 'userId' does not exist on type 'ContactTagAddedEvent'.
src/workers/campaignWorker.ts(400,51): error TS7006: Parameter 'c' implicitly has an 'any' type.
src/workers/campaignWorker.ts(403,65): error TS2339: Property 'getRecipientByContactId' does not exist on type '{ createCampaign: (data: CreateCampaignData) => Promise<Campaign>; getCampaignById: (campaignId: string) => Promise<Campaign | null>; ... 22 more ...; checkCampaignComplete: (campaignId: string) => Promise<...>; }'.
src/workers/campaignWorker.ts(418,36): error TS2339: Property 'tag' does not exist on type 'ContactTagAddedEvent'.
src/workers/extractionWorker.ts(8,10): error TS2724: '"../utils/eventEmitter"' has no exported member named 'eventEmitter'. Did you mean 'appEventEmitter'?
src/workers/extractionWorker.ts(242,32): error TS2554: Expected 5 arguments, but got 3.
